------------------------------------------------------------
Timing Analyzer Summary
------------------------------------------------------------

Type  : Slow 1200mV 85C Model Setup 'LCD1602_cust_char:lcd_inst|clk_16ms'
Slack : -6.193
TNS   : -170.560

Type  : Slow 1200mV 85C Model Setup 'clk'
Slack : -4.950
TNS   : -652.530

Type  : Slow 1200mV 85C Model Hold 'LCD1602_cust_char:lcd_inst|clk_16ms'
Slack : 0.432
TNS   : 0.000

Type  : Slow 1200mV 85C Model Hold 'clk'
Slack : 0.432
TNS   : 0.000

Type  : Slow 1200mV 85C Model Minimum Pulse Width 'clk'
Slack : -3.000
TNS   : -295.939

Type  : Slow 1200mV 85C Model Minimum Pulse Width 'LCD1602_cust_char:lcd_inst|clk_16ms'
Slack : -1.487
TNS   : -78.811

Type  : Slow 1200mV 0C Model Setup 'LCD1602_cust_char:lcd_inst|clk_16ms'
Slack : -5.713
TNS   : -156.489

Type  : Slow 1200mV 0C Model Setup 'clk'
Slack : -4.544
TNS   : -589.027

Type  : Slow 1200mV 0C Model Hold 'LCD1602_cust_char:lcd_inst|clk_16ms'
Slack : 0.382
TNS   : 0.000

Type  : Slow 1200mV 0C Model Hold 'clk'
Slack : 0.382
TNS   : 0.000

Type  : Slow 1200mV 0C Model Minimum Pulse Width 'clk'
Slack : -3.000
TNS   : -295.939

Type  : Slow 1200mV 0C Model Minimum Pulse Width 'LCD1602_cust_char:lcd_inst|clk_16ms'
Slack : -1.487
TNS   : -78.811

Type  : Fast 1200mV 0C Model Setup 'LCD1602_cust_char:lcd_inst|clk_16ms'
Slack : -2.077
TNS   : -45.366

Type  : Fast 1200mV 0C Model Setup 'clk'
Slack : -1.450
TNS   : -168.196

Type  : Fast 1200mV 0C Model Hold 'LCD1602_cust_char:lcd_inst|clk_16ms'
Slack : 0.178
TNS   : 0.000

Type  : Fast 1200mV 0C Model Hold 'clk'
Slack : 0.178
TNS   : 0.000

Type  : Fast 1200mV 0C Model Minimum Pulse Width 'clk'
Slack : -3.000
TNS   : -213.807

Type  : Fast 1200mV 0C Model Minimum Pulse Width 'LCD1602_cust_char:lcd_inst|clk_16ms'
Slack : -1.000
TNS   : -53.000

------------------------------------------------------------
